Archive member included to satisfy reference by file (symbol)

c:/programdata/mathworks/r2022b/toolboxes/nxp_mbdtoolbox_s32k1xx/tools/gcc-6.3-arm32-eabi/bin/../lib/gcc/arm-none-eabi/6.3.1/thumb/v7e-m/fpv4-sp/hard\libgcc.a(_aeabi_uldivmod.o)
                              lpit_driver.o (__aeabi_uldivmod)
c:/programdata/mathworks/r2022b/toolboxes/nxp_mbdtoolbox_s32k1xx/tools/gcc-6.3-arm32-eabi/bin/../lib/gcc/arm-none-eabi/6.3.1/thumb/v7e-m/fpv4-sp/hard\libgcc.a(_udivmoddi4.o)
                              c:/programdata/mathworks/r2022b/toolboxes/nxp_mbdtoolbox_s32k1xx/tools/gcc-6.3-arm32-eabi/bin/../lib/gcc/arm-none-eabi/6.3.1/thumb/v7e-m/fpv4-sp/hard\libgcc.a(_aeabi_uldivmod.o) (__udivmoddi4)
c:/programdata/mathworks/r2022b/toolboxes/nxp_mbdtoolbox_s32k1xx/tools/gcc-6.3-arm32-eabi/bin/../lib/gcc/arm-none-eabi/6.3.1/thumb/v7e-m/fpv4-sp/hard\libgcc.a(_dvmd_tls.o)
                              c:/programdata/mathworks/r2022b/toolboxes/nxp_mbdtoolbox_s32k1xx/tools/gcc-6.3-arm32-eabi/bin/../lib/gcc/arm-none-eabi/6.3.1/thumb/v7e-m/fpv4-sp/hard\libgcc.a(_aeabi_uldivmod.o) (__aeabi_ldiv0)
C:/ProgramData/MathWorks/R2022b/Toolboxes/NXP_MBDToolbox_S32K1xx/tools/gcc-6.3-arm32-eabi/arm-none-eabi/newlib/lib/thumb/v7e-m/fpv4-sp/hard\libc.a(lib_a-exit.o)
                              C:/ProgramData/MathWorks/R2022b/Toolboxes/NXP_MBDToolbox_S32K1xx/tools/gcc-6.3-arm32-eabi/arm-none-eabi/newlib/lib/thumb/v7e-m/fpv4-sp/hard/crt0.o (exit)
C:/ProgramData/MathWorks/R2022b/Toolboxes/NXP_MBDToolbox_S32K1xx/tools/gcc-6.3-arm32-eabi/arm-none-eabi/newlib/lib/thumb/v7e-m/fpv4-sp/hard\libc.a(lib_a-impure.o)
                              C:/ProgramData/MathWorks/R2022b/Toolboxes/NXP_MBDToolbox_S32K1xx/tools/gcc-6.3-arm32-eabi/arm-none-eabi/newlib/lib/thumb/v7e-m/fpv4-sp/hard\libc.a(lib_a-exit.o) (_global_impure_ptr)
C:/ProgramData/MathWorks/R2022b/Toolboxes/NXP_MBDToolbox_S32K1xx/tools/gcc-6.3-arm32-eabi/arm-none-eabi/newlib/lib/thumb/v7e-m/fpv4-sp/hard\libc.a(lib_a-init.o)
                              C:/ProgramData/MathWorks/R2022b/Toolboxes/NXP_MBDToolbox_S32K1xx/tools/gcc-6.3-arm32-eabi/arm-none-eabi/newlib/lib/thumb/v7e-m/fpv4-sp/hard/crt0.o (__libc_init_array)
C:/ProgramData/MathWorks/R2022b/Toolboxes/NXP_MBDToolbox_S32K1xx/tools/gcc-6.3-arm32-eabi/arm-none-eabi/newlib/lib/thumb/v7e-m/fpv4-sp/hard\libc.a(lib_a-memset.o)
                              C:/ProgramData/MathWorks/R2022b/Toolboxes/NXP_MBDToolbox_S32K1xx/tools/gcc-6.3-arm32-eabi/arm-none-eabi/newlib/lib/thumb/v7e-m/fpv4-sp/hard/crt0.o (memset)
C:/ProgramData/MathWorks/R2022b/Toolboxes/NXP_MBDToolbox_S32K1xx/tools/gcc-6.3-arm32-eabi/arm-none-eabi/newlib/lib/thumb/v7e-m/fpv4-sp/hard\libc.a(lib_a-__call_atexit.o)
                              C:/ProgramData/MathWorks/R2022b/Toolboxes/NXP_MBDToolbox_S32K1xx/tools/gcc-6.3-arm32-eabi/arm-none-eabi/newlib/lib/thumb/v7e-m/fpv4-sp/hard\libc.a(lib_a-exit.o) (__call_exitprocs)
C:/ProgramData/MathWorks/R2022b/Toolboxes/NXP_MBDToolbox_S32K1xx/tools/gcc-6.3-arm32-eabi/arm-none-eabi/newlib/lib/thumb/v7e-m/fpv4-sp/hard\libc.a(lib_a-fini.o)
                              C:/ProgramData/MathWorks/R2022b/Toolboxes/NXP_MBDToolbox_S32K1xx/tools/gcc-6.3-arm32-eabi/arm-none-eabi/newlib/lib/thumb/v7e-m/fpv4-sp/hard\libc.a(lib_a-__call_atexit.o) (__libc_fini_array)
C:/ProgramData/MathWorks/R2022b/Toolboxes/NXP_MBDToolbox_S32K1xx/tools/gcc-6.3-arm32-eabi/arm-none-eabi/newlib/lib/thumb/v7e-m/fpv4-sp/hard\libc.a(lib_a-atexit.o)
                              C:/ProgramData/MathWorks/R2022b/Toolboxes/NXP_MBDToolbox_S32K1xx/tools/gcc-6.3-arm32-eabi/arm-none-eabi/newlib/lib/thumb/v7e-m/fpv4-sp/hard\libc.a(lib_a-__call_atexit.o) (atexit)
C:/ProgramData/MathWorks/R2022b/Toolboxes/NXP_MBDToolbox_S32K1xx/tools/gcc-6.3-arm32-eabi/arm-none-eabi/newlib/lib/thumb/v7e-m/fpv4-sp/hard\libc.a(lib_a-__atexit.o)
                              C:/ProgramData/MathWorks/R2022b/Toolboxes/NXP_MBDToolbox_S32K1xx/tools/gcc-6.3-arm32-eabi/arm-none-eabi/newlib/lib/thumb/v7e-m/fpv4-sp/hard\libc.a(lib_a-atexit.o) (__register_exitproc)
C:/ProgramData/MathWorks/R2022b/Toolboxes/NXP_MBDToolbox_S32K1xx/tools/gcc-6.3-arm32-eabi/arm-none-eabi/newlib/lib/thumb/v7e-m/fpv4-sp/hard\libnosys.a(_exit.o)
                              C:/ProgramData/MathWorks/R2022b/Toolboxes/NXP_MBDToolbox_S32K1xx/tools/gcc-6.3-arm32-eabi/arm-none-eabi/newlib/lib/thumb/v7e-m/fpv4-sp/hard\libc.a(lib_a-exit.o) (_exit)

Allocating common symbols
Common symbol       size              file

MyWallModel_DW      0x8               MyWallModel.o
g_xtal0ClkFreq      0x4               clock_S32K1xx.o
g_RtcClkInFreq      0x4               clock_S32K1xx.o
gPowerManagerState  0x10              power_manager_S32K1xx.o
g_TClkFreq          0xc               clock_S32K1xx.o
MyWallModel_B       0x10              MyWallModel.o
ftmStateStruct0     0x60              ftm0_pwm_params.o
ftmStateStruct3     0x60              ftm3_pwm_params.o

Discarded input sections

 .text          0x00000000        0x0 c:/programdata/mathworks/r2022b/toolboxes/nxp_mbdtoolbox_s32k1xx/tools/gcc-6.3-arm32-eabi/bin/../lib/gcc/arm-none-eabi/6.3.1/thumb/v7e-m/fpv4-sp/hard/crti.o
 .data          0x00000000        0x0 c:/programdata/mathworks/r2022b/toolboxes/nxp_mbdtoolbox_s32k1xx/tools/gcc-6.3-arm32-eabi/bin/../lib/gcc/arm-none-eabi/6.3.1/thumb/v7e-m/fpv4-sp/hard/crti.o
 .bss           0x00000000        0x0 c:/programdata/mathworks/r2022b/toolboxes/nxp_mbdtoolbox_s32k1xx/tools/gcc-6.3-arm32-eabi/bin/../lib/gcc/arm-none-eabi/6.3.1/thumb/v7e-m/fpv4-sp/hard/crti.o
 .data          0x00000000        0x4 c:/programdata/mathworks/r2022b/toolboxes/nxp_mbdtoolbox_s32k1xx/tools/gcc-6.3-arm32-eabi/bin/../lib/gcc/arm-none-eabi/6.3.1/thumb/v7e-m/fpv4-sp/hard/crtbegin.o
 .text          0x00000000       0x74 C:/ProgramData/MathWorks/R2022b/Toolboxes/NXP_MBDToolbox_S32K1xx/tools/gcc-6.3-arm32-eabi/arm-none-eabi/newlib/lib/thumb/v7e-m/fpv4-sp/hard/crt0.o
 .data          0x00000000        0x0 C:/ProgramData/MathWorks/R2022b/Toolboxes/NXP_MBDToolbox_S32K1xx/tools/gcc-6.3-arm32-eabi/arm-none-eabi/newlib/lib/thumb/v7e-m/fpv4-sp/hard/crt0.o
 .bss           0x00000000        0x0 C:/ProgramData/MathWorks/R2022b/Toolboxes/NXP_MBDToolbox_S32K1xx/tools/gcc-6.3-arm32-eabi/arm-none-eabi/newlib/lib/thumb/v7e-m/fpv4-sp/hard/crt0.o
 .ARM.extab     0x00000000        0x0 C:/ProgramData/MathWorks/R2022b/Toolboxes/NXP_MBDToolbox_S32K1xx/tools/gcc-6.3-arm32-eabi/arm-none-eabi/newlib/lib/thumb/v7e-m/fpv4-sp/hard/crt0.o
 .ARM.exidx     0x00000000        0x8 C:/ProgramData/MathWorks/R2022b/Toolboxes/NXP_MBDToolbox_S32K1xx/tools/gcc-6.3-arm32-eabi/arm-none-eabi/newlib/lib/thumb/v7e-m/fpv4-sp/hard/crt0.o
 .ARM.attributes
                0x00000000       0x20 C:/ProgramData/MathWorks/R2022b/Toolboxes/NXP_MBDToolbox_S32K1xx/tools/gcc-6.3-arm32-eabi/arm-none-eabi/newlib/lib/thumb/v7e-m/fpv4-sp/hard/crt0.o
 .data          0x00000000        0x0 startup_S32K144.o
 .bss           0x00000000        0x0 startup_S32K144.o
 .data          0x00000000        0x0 MyWallModel.o
 .text          0x00000000        0x0 ftm0_pwm_params.o
 .bss           0x00000000        0x0 ftm0_pwm_params.o
 .text          0x00000000        0x0 ftm3_pwm_params.o
 .bss           0x00000000        0x0 ftm3_pwm_params.o
 .text          0x00000000      0x440 ftm_chn_irq.o
 .data          0x00000000        0x0 ftm_chn_irq.o
 .bss           0x00000000      0x100 ftm_chn_irq.o
 .debug_info    0x00000000     0x138b ftm_chn_irq.o
 .debug_abbrev  0x00000000      0x1ca ftm_chn_irq.o
 .debug_loc     0x00000000      0xae3 ftm_chn_irq.o
 .debug_aranges
                0x00000000       0x20 ftm_chn_irq.o
 .debug_line    0x00000000      0x4d2 ftm_chn_irq.o
 .debug_str     0x00000000     0x115f ftm_chn_irq.o
 .comment       0x00000000       0xa1 ftm_chn_irq.o
 .debug_frame   0x00000000      0x1e0 ftm_chn_irq.o
 .ARM.attributes
                0x00000000       0x39 ftm_chn_irq.o
 .data          0x00000000        0x0 ftm_common.o
 .data          0x00000000        0x0 ftm_fault_irq.o
 .data          0x00000000        0x0 ftm_hw_access.o
 .bss           0x00000000        0x0 ftm_hw_access.o
 .data          0x00000000        0x0 ftm_ic_driver.o
 .bss           0x00000000        0x0 ftm_ic_driver.o
 .text          0x00000000      0x108 ftm_mc_driver.o
 .data          0x00000000        0x0 ftm_mc_driver.o
 .bss           0x00000000        0x0 ftm_mc_driver.o
 .debug_info    0x00000000      0xe40 ftm_mc_driver.o
 .debug_abbrev  0x00000000      0x22b ftm_mc_driver.o
 .debug_loc     0x00000000      0x1cf ftm_mc_driver.o
 .debug_aranges
                0x00000000       0x20 ftm_mc_driver.o
 .debug_ranges  0x00000000       0x18 ftm_mc_driver.o
 .debug_line    0x00000000      0x263 ftm_mc_driver.o
 .debug_str     0x00000000     0x1584 ftm_mc_driver.o
 .comment       0x00000000       0xa1 ftm_mc_driver.o
 .debug_frame   0x00000000       0x70 ftm_mc_driver.o
 .ARM.attributes
                0x00000000       0x39 ftm_mc_driver.o
 .text          0x00000000      0x22c ftm_oc_driver.o
 .data          0x00000000        0x0 ftm_oc_driver.o
 .bss           0x00000000        0x0 ftm_oc_driver.o
 .debug_info    0x00000000     0x1395 ftm_oc_driver.o
 .debug_abbrev  0x00000000      0x239 ftm_oc_driver.o
 .debug_loc     0x00000000      0x5dd ftm_oc_driver.o
 .debug_aranges
                0x00000000       0x20 ftm_oc_driver.o
 .debug_ranges  0x00000000       0xa8 ftm_oc_driver.o
 .debug_line    0x00000000      0x35d ftm_oc_driver.o
 .debug_str     0x00000000     0x1814 ftm_oc_driver.o
 .comment       0x00000000       0xa1 ftm_oc_driver.o
 .debug_frame   0x00000000       0x74 ftm_oc_driver.o
 .ARM.attributes
                0x00000000       0x39 ftm_oc_driver.o
 .data          0x00000000        0x0 ftm_pwm_driver.o
 .bss           0x00000000        0x0 ftm_pwm_driver.o
 .data          0x00000000        0x0 ftm_qd_driver.o
 .bss           0x00000000        0x0 ftm_qd_driver.o
 .data          0x00000000        0x0 interrupt_manager.o
 .data          0x00000000        0x0 lpit_driver.o
 .data          0x00000000        0x0 mbd_main.o
 .bss           0x00000000        0x0 mbd_main.o
 .text          0x00000000      0x144 pins_driver.o
 .data          0x00000000        0x0 pins_driver.o
 .bss           0x00000000        0x0 pins_driver.o
 .debug_info    0x00000000     0x1360 pins_driver.o
 .debug_abbrev  0x00000000      0x2a7 pins_driver.o
 .debug_loc     0x00000000      0x53e pins_driver.o
 .debug_aranges
                0x00000000       0x20 pins_driver.o
 .debug_line    0x00000000      0x2fe pins_driver.o
 .debug_str     0x00000000     0x138d pins_driver.o
 .comment       0x00000000       0xa1 pins_driver.o
 .debug_frame   0x00000000      0x1e4 pins_driver.o
 .ARM.attributes
                0x00000000       0x39 pins_driver.o
 .data          0x00000000        0x0 pins_port_hw_access.o
 .bss           0x00000000        0x0 pins_port_hw_access.o
 .data          0x00000000        0x0 power_manager.o
 .bss           0x00000000        0x0 power_manager.o
 .data          0x00000000        0x0 power_manager_S32K1xx.o
 .data          0x00000000        0x0 power_smc_hw_access.o
 .bss           0x00000000        0x0 power_smc_hw_access.o
 .bss           0x00000000        0x0 s32k_clock_init.o
 .data          0x00000000        0x0 startup.o
 .bss           0x00000000        0x0 startup.o
 .bss           0x00000000        0x0 system_S32K144.o
 .data          0x00000000        0x0 c:/programdata/mathworks/r2022b/toolboxes/nxp_mbdtoolbox_s32k1xx/tools/gcc-6.3-arm32-eabi/bin/../lib/gcc/arm-none-eabi/6.3.1/thumb/v7e-m/fpv4-sp/hard\libgcc.a(_aeabi_uldivmod.o)
 .bss           0x00000000        0x0 c:/programdata/mathworks/r2022b/toolboxes/nxp_mbdtoolbox_s32k1xx/tools/gcc-6.3-arm32-eabi/bin/../lib/gcc/arm-none-eabi/6.3.1/thumb/v7e-m/fpv4-sp/hard\libgcc.a(_aeabi_uldivmod.o)
 .data          0x00000000        0x0 c:/programdata/mathworks/r2022b/toolboxes/nxp_mbdtoolbox_s32k1xx/tools/gcc-6.3-arm32-eabi/bin/../lib/gcc/arm-none-eabi/6.3.1/thumb/v7e-m/fpv4-sp/hard\libgcc.a(_udivmoddi4.o)
 .bss           0x00000000        0x0 c:/programdata/mathworks/r2022b/toolboxes/nxp_mbdtoolbox_s32k1xx/tools/gcc-6.3-arm32-eabi/bin/../lib/gcc/arm-none-eabi/6.3.1/thumb/v7e-m/fpv4-sp/hard\libgcc.a(_udivmoddi4.o)
 .ARM.extab     0x00000000        0x0 c:/programdata/mathworks/r2022b/toolboxes/nxp_mbdtoolbox_s32k1xx/tools/gcc-6.3-arm32-eabi/bin/../lib/gcc/arm-none-eabi/6.3.1/thumb/v7e-m/fpv4-sp/hard\libgcc.a(_udivmoddi4.o)
 .data          0x00000000        0x0 c:/programdata/mathworks/r2022b/toolboxes/nxp_mbdtoolbox_s32k1xx/tools/gcc-6.3-arm32-eabi/bin/../lib/gcc/arm-none-eabi/6.3.1/thumb/v7e-m/fpv4-sp/hard\libgcc.a(_dvmd_tls.o)
 .bss           0x00000000        0x0 c:/programdata/mathworks/r2022b/toolboxes/nxp_mbdtoolbox_s32k1xx/tools/gcc-6.3-arm32-eabi/bin/../lib/gcc/arm-none-eabi/6.3.1/thumb/v7e-m/fpv4-sp/hard\libgcc.a(_dvmd_tls.o)
 .text          0x00000000        0x0 C:/ProgramData/MathWorks/R2022b/Toolboxes/NXP_MBDToolbox_S32K1xx/tools/gcc-6.3-arm32-eabi/arm-none-eabi/newlib/lib/thumb/v7e-m/fpv4-sp/hard\libc.a(lib_a-exit.o)
 .data          0x00000000        0x0 C:/ProgramData/MathWorks/R2022b/Toolboxes/NXP_MBDToolbox_S32K1xx/tools/gcc-6.3-arm32-eabi/arm-none-eabi/newlib/lib/thumb/v7e-m/fpv4-sp/hard\libc.a(lib_a-exit.o)
 .bss           0x00000000        0x0 C:/ProgramData/MathWorks/R2022b/Toolboxes/NXP_MBDToolbox_S32K1xx/tools/gcc-6.3-arm32-eabi/arm-none-eabi/newlib/lib/thumb/v7e-m/fpv4-sp/hard\libc.a(lib_a-exit.o)
 .text.exit     0x00000000       0x20 C:/ProgramData/MathWorks/R2022b/Toolboxes/NXP_MBDToolbox_S32K1xx/tools/gcc-6.3-arm32-eabi/arm-none-eabi/newlib/lib/thumb/v7e-m/fpv4-sp/hard\libc.a(lib_a-exit.o)
 .debug_frame   0x00000000       0x28 C:/ProgramData/MathWorks/R2022b/Toolboxes/NXP_MBDToolbox_S32K1xx/tools/gcc-6.3-arm32-eabi/arm-none-eabi/newlib/lib/thumb/v7e-m/fpv4-sp/hard\libc.a(lib_a-exit.o)
 .ARM.attributes
                0x00000000       0x34 C:/ProgramData/MathWorks/R2022b/Toolboxes/NXP_MBDToolbox_S32K1xx/tools/gcc-6.3-arm32-eabi/arm-none-eabi/newlib/lib/thumb/v7e-m/fpv4-sp/hard\libc.a(lib_a-exit.o)
 .text          0x00000000        0x0 C:/ProgramData/MathWorks/R2022b/Toolboxes/NXP_MBDToolbox_S32K1xx/tools/gcc-6.3-arm32-eabi/arm-none-eabi/newlib/lib/thumb/v7e-m/fpv4-sp/hard\libc.a(lib_a-impure.o)
 .data          0x00000000        0x0 C:/ProgramData/MathWorks/R2022b/Toolboxes/NXP_MBDToolbox_S32K1xx/tools/gcc-6.3-arm32-eabi/arm-none-eabi/newlib/lib/thumb/v7e-m/fpv4-sp/hard\libc.a(lib_a-impure.o)
 .bss           0x00000000        0x0 C:/ProgramData/MathWorks/R2022b/Toolboxes/NXP_MBDToolbox_S32K1xx/tools/gcc-6.3-arm32-eabi/arm-none-eabi/newlib/lib/thumb/v7e-m/fpv4-sp/hard\libc.a(lib_a-impure.o)
 .data._impure_ptr
                0x00000000        0x4 C:/ProgramData/MathWorks/R2022b/Toolboxes/NXP_MBDToolbox_S32K1xx/tools/gcc-6.3-arm32-eabi/arm-none-eabi/newlib/lib/thumb/v7e-m/fpv4-sp/hard\libc.a(lib_a-impure.o)
 .text          0x00000000        0x0 C:/ProgramData/MathWorks/R2022b/Toolboxes/NXP_MBDToolbox_S32K1xx/tools/gcc-6.3-arm32-eabi/arm-none-eabi/newlib/lib/thumb/v7e-m/fpv4-sp/hard\libc.a(lib_a-init.o)
 .data          0x00000000        0x0 C:/ProgramData/MathWorks/R2022b/Toolboxes/NXP_MBDToolbox_S32K1xx/tools/gcc-6.3-arm32-eabi/arm-none-eabi/newlib/lib/thumb/v7e-m/fpv4-sp/hard\libc.a(lib_a-init.o)
 .bss           0x00000000        0x0 C:/ProgramData/MathWorks/R2022b/Toolboxes/NXP_MBDToolbox_S32K1xx/tools/gcc-6.3-arm32-eabi/arm-none-eabi/newlib/lib/thumb/v7e-m/fpv4-sp/hard\libc.a(lib_a-init.o)
 .text.__libc_init_array
                0x00000000       0x48 C:/ProgramData/MathWorks/R2022b/Toolboxes/NXP_MBDToolbox_S32K1xx/tools/gcc-6.3-arm32-eabi/arm-none-eabi/newlib/lib/thumb/v7e-m/fpv4-sp/hard\libc.a(lib_a-init.o)
 .debug_frame   0x00000000       0x2c C:/ProgramData/MathWorks/R2022b/Toolboxes/NXP_MBDToolbox_S32K1xx/tools/gcc-6.3-arm32-eabi/arm-none-eabi/newlib/lib/thumb/v7e-m/fpv4-sp/hard\libc.a(lib_a-init.o)
 .ARM.attributes
                0x00000000       0x34 C:/ProgramData/MathWorks/R2022b/Toolboxes/NXP_MBDToolbox_S32K1xx/tools/gcc-6.3-arm32-eabi/arm-none-eabi/newlib/lib/thumb/v7e-m/fpv4-sp/hard\libc.a(lib_a-init.o)
 .text          0x00000000        0x0 C:/ProgramData/MathWorks/R2022b/Toolboxes/NXP_MBDToolbox_S32K1xx/tools/gcc-6.3-arm32-eabi/arm-none-eabi/newlib/lib/thumb/v7e-m/fpv4-sp/hard\libc.a(lib_a-memset.o)
 .data          0x00000000        0x0 C:/ProgramData/MathWorks/R2022b/Toolboxes/NXP_MBDToolbox_S32K1xx/tools/gcc-6.3-arm32-eabi/arm-none-eabi/newlib/lib/thumb/v7e-m/fpv4-sp/hard\libc.a(lib_a-memset.o)
 .bss           0x00000000        0x0 C:/ProgramData/MathWorks/R2022b/Toolboxes/NXP_MBDToolbox_S32K1xx/tools/gcc-6.3-arm32-eabi/arm-none-eabi/newlib/lib/thumb/v7e-m/fpv4-sp/hard\libc.a(lib_a-memset.o)
 .text          0x00000000        0x0 C:/ProgramData/MathWorks/R2022b/Toolboxes/NXP_MBDToolbox_S32K1xx/tools/gcc-6.3-arm32-eabi/arm-none-eabi/newlib/lib/thumb/v7e-m/fpv4-sp/hard\libc.a(lib_a-__call_atexit.o)
 .data          0x00000000        0x0 C:/ProgramData/MathWorks/R2022b/Toolboxes/NXP_MBDToolbox_S32K1xx/tools/gcc-6.3-arm32-eabi/arm-none-eabi/newlib/lib/thumb/v7e-m/fpv4-sp/hard\libc.a(lib_a-__call_atexit.o)
 .bss           0x00000000        0x0 C:/ProgramData/MathWorks/R2022b/Toolboxes/NXP_MBDToolbox_S32K1xx/tools/gcc-6.3-arm32-eabi/arm-none-eabi/newlib/lib/thumb/v7e-m/fpv4-sp/hard\libc.a(lib_a-__call_atexit.o)
 .text.__call_exitprocs
                0x00000000       0xc8 C:/ProgramData/MathWorks/R2022b/Toolboxes/NXP_MBDToolbox_S32K1xx/tools/gcc-6.3-arm32-eabi/arm-none-eabi/newlib/lib/thumb/v7e-m/fpv4-sp/hard\libc.a(lib_a-__call_atexit.o)
 .text          0x00000000        0x0 C:/ProgramData/MathWorks/R2022b/Toolboxes/NXP_MBDToolbox_S32K1xx/tools/gcc-6.3-arm32-eabi/arm-none-eabi/newlib/lib/thumb/v7e-m/fpv4-sp/hard\libc.a(lib_a-fini.o)
 .data          0x00000000        0x0 C:/ProgramData/MathWorks/R2022b/Toolboxes/NXP_MBDToolbox_S32K1xx/tools/gcc-6.3-arm32-eabi/arm-none-eabi/newlib/lib/thumb/v7e-m/fpv4-sp/hard\libc.a(lib_a-fini.o)
 .bss           0x00000000        0x0 C:/ProgramData/MathWorks/R2022b/Toolboxes/NXP_MBDToolbox_S32K1xx/tools/gcc-6.3-arm32-eabi/arm-none-eabi/newlib/lib/thumb/v7e-m/fpv4-sp/hard\libc.a(lib_a-fini.o)
 .text          0x00000000        0x0 C:/ProgramData/MathWorks/R2022b/Toolboxes/NXP_MBDToolbox_S32K1xx/tools/gcc-6.3-arm32-eabi/arm-none-eabi/newlib/lib/thumb/v7e-m/fpv4-sp/hard\libc.a(lib_a-atexit.o)
 .data          0x00000000        0x0 C:/ProgramData/MathWorks/R2022b/Toolboxes/NXP_MBDToolbox_S32K1xx/tools/gcc-6.3-arm32-eabi/arm-none-eabi/newlib/lib/thumb/v7e-m/fpv4-sp/hard\libc.a(lib_a-atexit.o)
 .bss           0x00000000        0x0 C:/ProgramData/MathWorks/R2022b/Toolboxes/NXP_MBDToolbox_S32K1xx/tools/gcc-6.3-arm32-eabi/arm-none-eabi/newlib/lib/thumb/v7e-m/fpv4-sp/hard\libc.a(lib_a-atexit.o)
 .text          0x00000000        0x0 C:/ProgramData/MathWorks/R2022b/Toolboxes/NXP_MBDToolbox_S32K1xx/tools/gcc-6.3-arm32-eabi/arm-none-eabi/newlib/lib/thumb/v7e-m/fpv4-sp/hard\libc.a(lib_a-__atexit.o)
 .data          0x00000000        0x0 C:/ProgramData/MathWorks/R2022b/Toolboxes/NXP_MBDToolbox_S32K1xx/tools/gcc-6.3-arm32-eabi/arm-none-eabi/newlib/lib/thumb/v7e-m/fpv4-sp/hard\libc.a(lib_a-__atexit.o)
 .bss           0x00000000        0x0 C:/ProgramData/MathWorks/R2022b/Toolboxes/NXP_MBDToolbox_S32K1xx/tools/gcc-6.3-arm32-eabi/arm-none-eabi/newlib/lib/thumb/v7e-m/fpv4-sp/hard\libc.a(lib_a-__atexit.o)
 .text          0x00000000        0x0 C:/ProgramData/MathWorks/R2022b/Toolboxes/NXP_MBDToolbox_S32K1xx/tools/gcc-6.3-arm32-eabi/arm-none-eabi/newlib/lib/thumb/v7e-m/fpv4-sp/hard\libnosys.a(_exit.o)
 .data          0x00000000        0x0 C:/ProgramData/MathWorks/R2022b/Toolboxes/NXP_MBDToolbox_S32K1xx/tools/gcc-6.3-arm32-eabi/arm-none-eabi/newlib/lib/thumb/v7e-m/fpv4-sp/hard\libnosys.a(_exit.o)
 .bss           0x00000000        0x0 C:/ProgramData/MathWorks/R2022b/Toolboxes/NXP_MBDToolbox_S32K1xx/tools/gcc-6.3-arm32-eabi/arm-none-eabi/newlib/lib/thumb/v7e-m/fpv4-sp/hard\libnosys.a(_exit.o)
 .text._exit    0x00000000        0x2 C:/ProgramData/MathWorks/R2022b/Toolboxes/NXP_MBDToolbox_S32K1xx/tools/gcc-6.3-arm32-eabi/arm-none-eabi/newlib/lib/thumb/v7e-m/fpv4-sp/hard\libnosys.a(_exit.o)
 .debug_frame   0x00000000       0x20 C:/ProgramData/MathWorks/R2022b/Toolboxes/NXP_MBDToolbox_S32K1xx/tools/gcc-6.3-arm32-eabi/arm-none-eabi/newlib/lib/thumb/v7e-m/fpv4-sp/hard\libnosys.a(_exit.o)
 .ARM.attributes
                0x00000000       0x34 C:/ProgramData/MathWorks/R2022b/Toolboxes/NXP_MBDToolbox_S32K1xx/tools/gcc-6.3-arm32-eabi/arm-none-eabi/newlib/lib/thumb/v7e-m/fpv4-sp/hard\libnosys.a(_exit.o)
 .text          0x00000000        0x0 c:/programdata/mathworks/r2022b/toolboxes/nxp_mbdtoolbox_s32k1xx/tools/gcc-6.3-arm32-eabi/bin/../lib/gcc/arm-none-eabi/6.3.1/thumb/v7e-m/fpv4-sp/hard/crtend.o
 .data          0x00000000        0x0 c:/programdata/mathworks/r2022b/toolboxes/nxp_mbdtoolbox_s32k1xx/tools/gcc-6.3-arm32-eabi/bin/../lib/gcc/arm-none-eabi/6.3.1/thumb/v7e-m/fpv4-sp/hard/crtend.o
 .bss           0x00000000        0x0 c:/programdata/mathworks/r2022b/toolboxes/nxp_mbdtoolbox_s32k1xx/tools/gcc-6.3-arm32-eabi/bin/../lib/gcc/arm-none-eabi/6.3.1/thumb/v7e-m/fpv4-sp/hard/crtend.o
 .eh_frame      0x00000000        0x4 c:/programdata/mathworks/r2022b/toolboxes/nxp_mbdtoolbox_s32k1xx/tools/gcc-6.3-arm32-eabi/bin/../lib/gcc/arm-none-eabi/6.3.1/thumb/v7e-m/fpv4-sp/hard/crtend.o
 .text          0x00000000        0x0 c:/programdata/mathworks/r2022b/toolboxes/nxp_mbdtoolbox_s32k1xx/tools/gcc-6.3-arm32-eabi/bin/../lib/gcc/arm-none-eabi/6.3.1/thumb/v7e-m/fpv4-sp/hard/crtn.o
 .data          0x00000000        0x0 c:/programdata/mathworks/r2022b/toolboxes/nxp_mbdtoolbox_s32k1xx/tools/gcc-6.3-arm32-eabi/bin/../lib/gcc/arm-none-eabi/6.3.1/thumb/v7e-m/fpv4-sp/hard/crtn.o
 .bss           0x00000000        0x0 c:/programdata/mathworks/r2022b/toolboxes/nxp_mbdtoolbox_s32k1xx/tools/gcc-6.3-arm32-eabi/bin/../lib/gcc/arm-none-eabi/6.3.1/thumb/v7e-m/fpv4-sp/hard/crtn.o

Memory Configuration

Name             Origin             Length             Attributes
m_interrupts     0x00000000         0x00000400         xr
m_flash_config   0x00000400         0x00000010         xr
m_text           0x00000410         0x0007fbf0         xr
m_data           0x1fff9000         0x00007000         rw
m_data_2         0x20000000         0x00004000         rw
*default*        0x00000000         0xffffffff

Linker script and memory map

LOAD c:/programdata/mathworks/r2022b/toolboxes/nxp_mbdtoolbox_s32k1xx/tools/gcc-6.3-arm32-eabi/bin/../lib/gcc/arm-none-eabi/6.3.1/thumb/v7e-m/fpv4-sp/hard/crti.o
LOAD c:/programdata/mathworks/r2022b/toolboxes/nxp_mbdtoolbox_s32k1xx/tools/gcc-6.3-arm32-eabi/bin/../lib/gcc/arm-none-eabi/6.3.1/thumb/v7e-m/fpv4-sp/hard/crtbegin.o
LOAD C:/ProgramData/MathWorks/R2022b/Toolboxes/NXP_MBDToolbox_S32K1xx/tools/gcc-6.3-arm32-eabi/arm-none-eabi/newlib/lib/thumb/v7e-m/fpv4-sp/hard/crt0.o
                0x00000001                __ram_vector_table__ = 0x1
LOAD startup_S32K144.o
LOAD MyWallModel.o
LOAD clock_S32K1xx.o
LOAD ftm0_pwm_params.o
LOAD ftm3_pwm_params.o
LOAD ftm_chn_irq.o
LOAD ftm_common.o
LOAD ftm_fault_irq.o
LOAD ftm_hw_access.o
LOAD ftm_ic_driver.o
LOAD ftm_mc_driver.o
LOAD ftm_oc_driver.o
LOAD ftm_pwm_driver.o
LOAD ftm_qd_driver.o
LOAD interrupt_manager.o
LOAD lpit_driver.o
LOAD mbd_main.o
LOAD pins_driver.o
LOAD pins_port_hw_access.o
LOAD power_manager.o
LOAD power_manager_S32K1xx.o
LOAD power_smc_hw_access.o
LOAD s32k_clock_init.o
LOAD startup.o
LOAD system_S32K144.o
LOAD C:/ProgramData/MathWorks/R2022b/Toolboxes/NXP_MBDToolbox_S32K1xx/tools/gcc-6.3-arm32-eabi/arm-none-eabi/newlib/lib/thumb/v7e-m/fpv4-sp/hard\libm.a
LOAD S32K14x_AMMCLIB.a
START GROUP
LOAD c:/programdata/mathworks/r2022b/toolboxes/nxp_mbdtoolbox_s32k1xx/tools/gcc-6.3-arm32-eabi/bin/../lib/gcc/arm-none-eabi/6.3.1/thumb/v7e-m/fpv4-sp/hard\libgcc.a
LOAD C:/ProgramData/MathWorks/R2022b/Toolboxes/NXP_MBDToolbox_S32K1xx/tools/gcc-6.3-arm32-eabi/arm-none-eabi/newlib/lib/thumb/v7e-m/fpv4-sp/hard\libc.a
END GROUP
START GROUP
LOAD c:/programdata/mathworks/r2022b/toolboxes/nxp_mbdtoolbox_s32k1xx/tools/gcc-6.3-arm32-eabi/bin/../lib/gcc/arm-none-eabi/6.3.1/thumb/v7e-m/fpv4-sp/hard\libgcc.a
LOAD C:/ProgramData/MathWorks/R2022b/Toolboxes/NXP_MBDToolbox_S32K1xx/tools/gcc-6.3-arm32-eabi/arm-none-eabi/newlib/lib/thumb/v7e-m/fpv4-sp/hard\libc.a
LOAD C:/ProgramData/MathWorks/R2022b/Toolboxes/NXP_MBDToolbox_S32K1xx/tools/gcc-6.3-arm32-eabi/arm-none-eabi/newlib/lib/thumb/v7e-m/fpv4-sp/hard\libnosys.a
END GROUP
LOAD c:/programdata/mathworks/r2022b/toolboxes/nxp_mbdtoolbox_s32k1xx/tools/gcc-6.3-arm32-eabi/bin/../lib/gcc/arm-none-eabi/6.3.1/thumb/v7e-m/fpv4-sp/hard/crtend.o
LOAD c:/programdata/mathworks/r2022b/toolboxes/nxp_mbdtoolbox_s32k1xx/tools/gcc-6.3-arm32-eabi/bin/../lib/gcc/arm-none-eabi/6.3.1/thumb/v7e-m/fpv4-sp/hard/crtn.o
                0x00000400                HEAP_SIZE = DEFINED (__heap_size__)?__heap_size__:0x400
                0x00000400                STACK_SIZE = DEFINED (__stack_size__)?__stack_size__:0x400
                0x00000400                M_VECTOR_RAM_SIZE = DEFINED (__flash_vector_table__)?0x0:0x400

.interrupts     0x00000000      0x400
                0x00000000                __VECTOR_TABLE = .
                0x00000000                __interrupts_start__ = .
                0x00000000                . = ALIGN (0x4)
 *(.isr_vector)
 .isr_vector    0x00000000      0x400 startup_S32K144.o
                0x00000000                __isr_vector
                0x00000400                __interrupts_end__ = .
                0x00000400                . = ALIGN (0x4)

.flash_config   0x00000400       0x10
                0x00000400                . = ALIGN (0x4)
 *(.FlashConfig)
 .FlashConfig   0x00000400       0x10 startup_S32K144.o
                0x00000410                . = ALIGN (0x4)

.text           0x00000410     0x58ac
                0x00000410                . = ALIGN (0x4)
 *(.text)
 .text          0x00000410       0xa4 c:/programdata/mathworks/r2022b/toolboxes/nxp_mbdtoolbox_s32k1xx/tools/gcc-6.3-arm32-eabi/bin/../lib/gcc/arm-none-eabi/6.3.1/thumb/v7e-m/fpv4-sp/hard/crtbegin.o
 .text          0x000004b4       0x6c startup_S32K144.o
                0x000004b4                Reset_Handler
                0x0000051c                DebugMon_Handler
                0x0000051c                Reserved88_IRQHandler
                0x0000051c                CAN0_ORed_IRQHandler
                0x0000051c                HardFault_Handler
                0x0000051c                Reserved86_IRQHandler
                0x0000051c                Reserved103_IRQHandler
                0x0000051c                SysTick_Handler
                0x0000051c                FTM2_Ovf_Reload_IRQHandler
                0x0000051c                Reserved50_IRQHandler
                0x0000051c                FTFC_Fault_IRQHandler
                0x0000051c                Reserved114_IRQHandler
                0x0000051c                PendSV_Handler
                0x0000051c                NMI_Handler
                0x0000051c                Reserved89_IRQHandler
                0x0000051c                ERM_double_fault_IRQHandler
                0x0000051c                DMA2_IRQHandler
                0x0000051c                Reserved59_IRQHandler
                0x0000051c                Reserved99_IRQHandler
                0x0000051c                CAN2_ORed_0_15_MB_IRQHandler
                0x0000051c                LPIT0_Ch3_IRQHandler
                0x0000051c                Reserved92_IRQHandler
                0x0000051c                CAN1_Error_IRQHandler
                0x0000051c                SWI_IRQHandler
                0x0000051c                ADC0_IRQHandler
                0x0000051c                UsageFault_Handler
                0x0000051c                FTM0_Ovf_Reload_IRQHandler
                0x0000051c                DefaultISR
                0x0000051c                DMA9_IRQHandler
                0x0000051c                Reserved58_IRQHandler
                0x0000051c                CAN1_ORed_0_15_MB_IRQHandler
                0x0000051c                DMA14_IRQHandler
                0x0000051c                Reserved82_IRQHandler
                0x0000051c                CAN0_ORed_16_31_MB_IRQHandler
                0x0000051c                LPI2C0_Slave_IRQHandler
                0x0000051c                Reserved71_IRQHandler
                0x0000051c                PORTD_IRQHandler
                0x0000051c                Reserved69_IRQHandler
                0x0000051c                PORTB_IRQHandler
                0x0000051c                Reserved70_IRQHandler
                0x0000051c                ADC1_IRQHandler
                0x0000051c                Reserved53_IRQHandler
                0x0000051c                DMA5_IRQHandler
                0x0000051c                RTC_IRQHandler
                0x0000051c                PDB0_IRQHandler
                0x0000051c                Reserved54_IRQHandler
                0x0000051c                LPSPI1_IRQHandler
                0x0000051c                LPUART1_RxTx_IRQHandler
                0x0000051c                RTC_Seconds_IRQHandler
                0x0000051c                CAN2_ORed_IRQHandler
                0x0000051c                Reserved72_IRQHandler
                0x0000051c                Reserved110_IRQHandler
                0x0000051c                DMA11_IRQHandler
                0x0000051c                Reserved107_IRQHandler
                0x0000051c                Read_Collision_IRQHandler
                0x0000051c                CAN2_Error_IRQHandler
                0x0000051c                FTFC_IRQHandler
                0x0000051c                DMA7_IRQHandler
                0x0000051c                Reserved105_IRQHandler
                0x0000051c                LPIT0_Ch1_IRQHandler
                0x0000051c                FTM3_Ovf_Reload_IRQHandler
                0x0000051c                LPUART2_RxTx_IRQHandler
                0x0000051c                LPSPI0_IRQHandler
                0x0000051c                WDOG_EWM_IRQHandler
                0x0000051c                MemManage_Handler
                0x0000051c                Reserved90_IRQHandler
                0x0000051c                Reserved83_IRQHandler
                0x0000051c                Reserved48_IRQHandler
                0x0000051c                SVC_Handler
                0x0000051c                ERM_single_fault_IRQHandler
                0x0000051c                DMA13_IRQHandler
                0x0000051c                RCM_IRQHandler
                0x0000051c                DMA3_IRQHandler
                0x0000051c                Reserved100_IRQHandler
                0x0000051c                DMA0_IRQHandler
                0x0000051c                Reserved91_IRQHandler
                0x0000051c                CAN1_ORed_IRQHandler
                0x0000051c                DMA15_IRQHandler
                0x0000051c                SCG_IRQHandler
                0x0000051c                PDB1_IRQHandler
                0x0000051c                Reserved81_IRQHandler
                0x0000051c                Reserved46_IRQHandler
                0x0000051c                Reserved45_IRQHandler
                0x0000051c                CAN0_Error_IRQHandler
                0x0000051c                Reserved112_IRQHandler
                0x0000051c                LPI2C0_Master_IRQHandler
                0x0000051c                DMA4_IRQHandler
                0x0000051c                Reserved106_IRQHandler
                0x0000051c                DMA_Error_IRQHandler
                0x0000051c                LVD_LVW_IRQHandler
                0x0000051c                LPIT0_Ch2_IRQHandler
                0x0000051c                PORTA_IRQHandler
                0x0000051c                MCM_IRQHandler
                0x0000051c                LPSPI2_IRQHandler
                0x0000051c                DMA12_IRQHandler
                0x0000051c                CAN0_ORed_0_15_MB_IRQHandler
                0x0000051c                PORTE_IRQHandler
                0x0000051c                LPUART0_RxTx_IRQHandler
                0x0000051c                LPTMR0_IRQHandler
                0x0000051c                BusFault_Handler
                0x0000051c                Reserved87_IRQHandler
                0x0000051c                FTM1_Ovf_Reload_IRQHandler
                0x0000051c                DMA8_IRQHandler
                0x0000051c                Reserved93_IRQHandler
                0x0000051c                DMA10_IRQHandler
                0x0000051c                CAN0_Wake_Up_IRQHandler
                0x0000051c                CMP0_IRQHandler
                0x0000051c                Reserved52_IRQHandler
                0x0000051c                PORTC_IRQHandler
                0x0000051c                DMA6_IRQHandler
                0x0000051c                FLEXIO_IRQHandler
                0x0000051c                DMA1_IRQHandler
                0x0000051c                Reserved113_IRQHandler
 .text          0x00000520      0x2cc MyWallModel.o
                0x00000520                MyWallModel_step
                0x00000678                MyWallModel_initialize
                0x000007e8                MyWallModel_terminate
 .text          0x000007ec     0x1c88 clock_S32K1xx.o
                0x00001562                CLOCK_DRV_Init
                0x00001b90                CLOCK_DRV_GetFreq
                0x00001d98                CLOCK_DRV_SetModuleClock
                0x00001f04                CLOCK_DRV_SetSystemClock
                0x0000202c                CLOCK_DRV_GetSystemClockSource
                0x00002088                CLOCK_DRV_SetClockSource
                0x00002338                CLOCK_SYS_Init
                0x00002354                CLOCK_SYS_UpdateConfiguration
                0x0000243c                CLOCK_SYS_GetCurrentConfiguration
                0x00002448                CLOCK_SYS_GetErrorCallback
                0x00002464                CLOCK_SYS_GetFreq
                0x0000246c                CLOCK_SYS_SetConfiguration
 .text          0x00002474      0x798 ftm_common.o
                0x00002474                FTM_DRV_Deinit
                0x00002494                FTM_DRV_GetDefaultConfig
                0x000024c0                FTM_DRV_MaskOutputChannels
                0x000024e0                FTM_DRV_SetInitialCounterValue
                0x00002508                FTM_DRV_SetHalfCycleReloadPoint
                0x00002528                FTM_DRV_SetSoftOutChnValue
                0x00002560                FTM_DRV_SetSoftwareOutputChannelControl
                0x0000258c                FTM_DRV_SetAllChnSoftwareOutputControl
                0x000025bc                FTM_DRV_SetInvertingControl
                0x000025dc                FTM_DRV_SetModuloCounterValue
                0x00002604                FTM_DRV_SetOutputlevel
                0x00002638                FTM_DRV_SetSync
                0x000027f4                FTM_DRV_GenerateHardwareTrigger
                0x00002810                FTM_DRV_EnableInterrupts
                0x000028b0                FTM_DRV_DisableInterrupts
                0x0000294c                FTM_DRV_GetEnabledInterrupts
                0x000029a8                FTM_DRV_GetStatusFlags
                0x00002a04                FTM_DRV_ClearStatusFlags
                0x00002a90                FTM_DRV_GetFrequency
                0x00002af4                FTM_DRV_Init
                0x00002bd4                FTM_DRV_ConvertFreqToPeriodTicks
                0x00002be8                FTM_DRV_CounterReset
 .text          0x00002c0c      0x110 ftm_fault_irq.o
                0x00002c0c                FTM0_Fault_IRQHandler
                0x00002c4c                FTM1_Fault_IRQHandler
                0x00002c8c                FTM2_Fault_IRQHandler
                0x00002ccc                FTM3_Fault_IRQHandler
                0x00002d0c                FTM_FAULT_DRV_InstallCallback
 .text          0x00002d1c       0xfe ftm_hw_access.o
                0x00002d1c                FTM_DRV_InitModule
                0x00002d34                FTM_DRV_Reset
                0x00002d9a                FTM_DRV_SetChnTriggerCmd
                0x00002dcc                FTM_DRV_SetChnInputCaptureFilter
 *fill*         0x00002e1a        0x2 
 .text          0x00002e1c      0x6dc ftm_ic_driver.o
                0x00002ed4                FTM_DRV_InitInputCapture
                0x000031a4                FTM_DRV_DeinitInputCapture
                0x00003274                FTM_DRV_GetInputCaptureMeasurement
                0x0000328c                FTM_DRV_StartNewSignalMeasurement
                0x000032f4                FTM_IC_DRV_SetChannelMode
                0x00003438                FTM0_Ch0_Ch1_IRQHandler
                0x00003444                FTM0_Ch2_Ch3_IRQHandler
                0x00003450                FTM0_Ch4_Ch5_IRQHandler
                0x0000345c                FTM0_Ch6_Ch7_IRQHandler
                0x00003468                FTM1_Ch0_Ch1_IRQHandler
                0x00003474                FTM1_Ch2_Ch3_IRQHandler
                0x00003480                FTM1_Ch4_Ch5_IRQHandler
                0x0000348c                FTM1_Ch6_Ch7_IRQHandler
                0x00003498                FTM2_Ch0_Ch1_IRQHandler
                0x000034a4                FTM2_Ch2_Ch3_IRQHandler
                0x000034b0                FTM2_Ch4_Ch5_IRQHandler
                0x000034bc                FTM2_Ch6_Ch7_IRQHandler
                0x000034c8                FTM3_Ch0_Ch1_IRQHandler
                0x000034d4                FTM3_Ch2_Ch3_IRQHandler
                0x000034e0                FTM3_Ch4_Ch5_IRQHandler
                0x000034ec                FTM3_Ch6_Ch7_IRQHandler
 .text          0x000034f8      0x9b4 ftm_pwm_driver.o
                0x000034f8                FTM_DRV_DeinitPwm
                0x00003604                FTM_DRV_UpdatePwmChannel
                0x00003708                FTM_DRV_InitPwm
                0x00003d40                FTM_DRV_UpdatePwmPeriod
                0x00003d9c                FTM_DRV_FastUpdatePwmChannels
                0x00003ddc                FTM_DRV_ControlChannelOutput
                0x00003e0c                FTM_PWM_DRV_IrqHandler
 .text          0x00003eac      0x190 ftm_qd_driver.o
                0x00003eac                FTM_DRV_QuadDecodeStart
                0x00003fc8                FTM_DRV_QuadDecodeStop
                0x00003ff0                FTM_DRV_QuadGetState
                0x00004020                FTM_QD_DRV_GetDefaultConfig
 .text          0x0000403c      0x1ac interrupt_manager.o
                0x0000403c                INT_SYS_InstallHandler
                0x0000407c                INT_SYS_EnableIRQ
                0x00004094                INT_SYS_DisableIRQ
                0x000040b0                INT_SYS_EnableIRQGlobal
                0x000040cc                INT_SYS_DisableIRQGlobal
                0x000040dc                INT_SYS_SetPriority
                0x00004134                INT_SYS_GetPriority
                0x00004178                INT_SYS_ClearPending
                0x00004194                INT_SYS_SetPending
                0x000041b0                INT_SYS_GetPending
                0x000041cc                INT_SYS_GetActive
 .text          0x000041e8      0x62c lpit_driver.o
                0x000041e8                LPIT_DRV_GetDefaultConfig
                0x000041f0                LPIT_DRV_GetDefaultChanConfig
                0x00004210                LPIT_DRV_Init
                0x000042bc                LPIT_DRV_Deinit
                0x000042cc                LPIT_DRV_StartTimerChannels
                0x000042dc                LPIT_DRV_StopTimerChannels
                0x000042ec                LPIT_DRV_SetTimerPeriodByUs
                0x00004398                LPIT_DRV_InitChannel
                0x00004520                LPIT_DRV_SetTimerPeriodInDual16ModeByUs
                0x000045a4                LPIT_DRV_GetTimerPeriodByUs
                0x000046b8                LPIT_DRV_GetCurrentTimerUs
                0x00004770                LPIT_DRV_SetTimerPeriodByCount
                0x00004780                LPIT_DRV_SetTimerPeriodInDual16ModeByCount
                0x00004794                LPIT_DRV_GetTimerPeriodByCount
                0x000047b8                LPIT_DRV_GetCurrentTimerCount
                0x000047dc                LPIT_DRV_EnableTimerChannelInterrupt
                0x000047ec                LPIT_DRV_DisableTimerChannelInterrupt
                0x000047fc                LPIT_DRV_GetInterruptFlagTimerChannels
                0x00004808                LPIT_DRV_ClearInterruptFlagTimerChannels
 .text          0x00004814       0x88 mbd_main.o
                0x00004814                LPIT0_Ch0_IRQHandler
                0x00004824                SYSTEM_INIT_TASK
                0x0000482c                SYSTEM_TASK
                0x00004834                lpit0_init_step_timer
                0x00004870                main
 .text          0x0000489c      0x224 pins_port_hw_access.o
                0x0000490c                PINS_Init
                0x00004a20                PINS_SetMuxModeSel
                0x00004a70                PINS_SetGlobalPinControl
                0x00004a9c                PINS_SetGlobalIntControl
 .text          0x00004ac0      0x1d0 power_manager.o
                0x00004b64                POWER_SYS_Init
                0x00004b90                POWER_SYS_Deinit
                0x00004ba8                POWER_SYS_GetLastMode
                0x00004bc0                POWER_SYS_GetLastModeConfig
                0x00004bdc                POWER_SYS_GetErrorCallbackIndex
                0x00004be8                POWER_SYS_GetErrorCallback
                0x00004c04                POWER_SYS_SetMode
                0x00004c84                POWER_SYS_GetDefaultConfig
 .text          0x00004c90      0x504 power_manager_S32K1xx.o
                0x00004d5c                POWER_SYS_DoInit
                0x00004df4                POWER_SYS_DoDeinit
                0x00004e08                POWER_SYS_GetCurrentMode
                0x00004e2c                POWER_SYS_DoSetMode
                0x00005132                POWER_SYS_GetResetSrcStatusCmd
 .text          0x00005194      0x184 power_smc_hw_access.o
                0x00005204                SMC_SetPowerMode
                0x00005300                SMC_SetProtectionMode
 .text          0x00005318      0x150 s32k_clock_init.o
                0x00005318                Clock_Setup
                0x00005418                UpdateSystickConfig
                0x00005430                lpit0_clock_init
 .text          0x00005468       0xd8 startup.o
                0x00005468                init_data_bss
 .text          0x00005540       0xd4 system_S32K144.o
                0x00005540                SystemInit
                0x0000557c                SystemCoreClockUpdate
                0x000055fc                SystemSoftwareReset
 .text          0x00005614       0x30 c:/programdata/mathworks/r2022b/toolboxes/nxp_mbdtoolbox_s32k1xx/tools/gcc-6.3-arm32-eabi/bin/../lib/gcc/arm-none-eabi/6.3.1/thumb/v7e-m/fpv4-sp/hard\libgcc.a(_aeabi_uldivmod.o)
                0x00005614                __aeabi_uldivmod
 .text          0x00005644      0x2e4 c:/programdata/mathworks/r2022b/toolboxes/nxp_mbdtoolbox_s32k1xx/tools/gcc-6.3-arm32-eabi/bin/../lib/gcc/arm-none-eabi/6.3.1/thumb/v7e-m/fpv4-sp/hard\libgcc.a(_udivmoddi4.o)
                0x00005644                __udivmoddi4
 .text          0x00005928        0x4 c:/programdata/mathworks/r2022b/toolboxes/nxp_mbdtoolbox_s32k1xx/tools/gcc-6.3-arm32-eabi/bin/../lib/gcc/arm-none-eabi/6.3.1/thumb/v7e-m/fpv4-sp/hard\libgcc.a(_dvmd_tls.o)
                0x00005928                __aeabi_idiv0
                0x00005928                __aeabi_ldiv0
 *(.text*)
 .text.memset   0x0000592c       0x10 C:/ProgramData/MathWorks/R2022b/Toolboxes/NXP_MBDToolbox_S32K1xx/tools/gcc-6.3-arm32-eabi/arm-none-eabi/newlib/lib/thumb/v7e-m/fpv4-sp/hard\libc.a(lib_a-memset.o)
                0x0000592c                memset
 .text.startup.register_fini
                0x0000593c       0x14 C:/ProgramData/MathWorks/R2022b/Toolboxes/NXP_MBDToolbox_S32K1xx/tools/gcc-6.3-arm32-eabi/arm-none-eabi/newlib/lib/thumb/v7e-m/fpv4-sp/hard\libc.a(lib_a-__call_atexit.o)
 .text.__libc_fini_array
                0x00005950       0x28 C:/ProgramData/MathWorks/R2022b/Toolboxes/NXP_MBDToolbox_S32K1xx/tools/gcc-6.3-arm32-eabi/arm-none-eabi/newlib/lib/thumb/v7e-m/fpv4-sp/hard\libc.a(lib_a-fini.o)
                0x00005950                __libc_fini_array
 .text.atexit   0x00005978        0xc C:/ProgramData/MathWorks/R2022b/Toolboxes/NXP_MBDToolbox_S32K1xx/tools/gcc-6.3-arm32-eabi/arm-none-eabi/newlib/lib/thumb/v7e-m/fpv4-sp/hard\libc.a(lib_a-atexit.o)
                0x00005978                atexit
 .text.__register_exitproc
                0x00005984       0x98 C:/ProgramData/MathWorks/R2022b/Toolboxes/NXP_MBDToolbox_S32K1xx/tools/gcc-6.3-arm32-eabi/arm-none-eabi/newlib/lib/thumb/v7e-m/fpv4-sp/hard\libc.a(lib_a-__atexit.o)
                0x00005984                __register_exitproc
 *(.rodata)
 .rodata        0x00005a1c       0x18 MyWallModel.o
                0x00005a30                MyWallModel_M
 .rodata        0x00005a34      0x20d clock_S32K1xx.o
                0x00005b30                clockNameMappings
                0x00005be0                peripheralFeaturesList
 *fill*         0x00005c41        0x3 
 .rodata        0x00005c44       0x40 ftm_common.o
                0x00005c44                g_ftmBase
                0x00005c54                g_ftmOverflowIrqId
                0x00005c58                g_ftmFaultIrqId
                0x00005c5c                g_ftmReloadIrqId
                0x00005c60                g_ftmIrqId
 .rodata        0x00005c84       0x18 mbd_main.o
 .rodata        0x00005c9c        0x2 s32k_clock_init.o
 *(.rodata*)
 *fill*         0x00005c9e        0x2 
 .rodata._global_impure_ptr
                0x00005ca0        0x4 C:/ProgramData/MathWorks/R2022b/Toolboxes/NXP_MBDToolbox_S32K1xx/tools/gcc-6.3-arm32-eabi/arm-none-eabi/newlib/lib/thumb/v7e-m/fpv4-sp/hard\libc.a(lib_a-impure.o)
                0x00005ca0                _global_impure_ptr
 *(.glue_7)
 .glue_7        0x00005ca4        0x0 linker stubs
 *(.glue_7t)
 .glue_7t       0x00005ca4        0x0 linker stubs
 *(.eh_frame)
 .eh_frame      0x00005ca4        0x0 c:/programdata/mathworks/r2022b/toolboxes/nxp_mbdtoolbox_s32k1xx/tools/gcc-6.3-arm32-eabi/bin/../lib/gcc/arm-none-eabi/6.3.1/thumb/v7e-m/fpv4-sp/hard/crtbegin.o
 *(.init)
 .init          0x00005ca4        0x4 c:/programdata/mathworks/r2022b/toolboxes/nxp_mbdtoolbox_s32k1xx/tools/gcc-6.3-arm32-eabi/bin/../lib/gcc/arm-none-eabi/6.3.1/thumb/v7e-m/fpv4-sp/hard/crti.o
                0x00005ca4                _init
 .init          0x00005ca8        0x8 c:/programdata/mathworks/r2022b/toolboxes/nxp_mbdtoolbox_s32k1xx/tools/gcc-6.3-arm32-eabi/bin/../lib/gcc/arm-none-eabi/6.3.1/thumb/v7e-m/fpv4-sp/hard/crtn.o
 *(.fini)
 .fini          0x00005cb0        0x4 c:/programdata/mathworks/r2022b/toolboxes/nxp_mbdtoolbox_s32k1xx/tools/gcc-6.3-arm32-eabi/bin/../lib/gcc/arm-none-eabi/6.3.1/thumb/v7e-m/fpv4-sp/hard/crti.o
                0x00005cb0                _fini
 .fini          0x00005cb4        0x8 c:/programdata/mathworks/r2022b/toolboxes/nxp_mbdtoolbox_s32k1xx/tools/gcc-6.3-arm32-eabi/bin/../lib/gcc/arm-none-eabi/6.3.1/thumb/v7e-m/fpv4-sp/hard/crtn.o
                0x00005cbc                . = ALIGN (0x4)

.vfp11_veneer   0x00005cbc        0x0
 .vfp11_veneer  0x00005cbc        0x0 linker stubs

.v4_bx          0x00005cbc        0x0
 .v4_bx         0x00005cbc        0x0 linker stubs

.iplt           0x00005cbc        0x0
 .iplt          0x00005cbc        0x0 c:/programdata/mathworks/r2022b/toolboxes/nxp_mbdtoolbox_s32k1xx/tools/gcc-6.3-arm32-eabi/bin/../lib/gcc/arm-none-eabi/6.3.1/thumb/v7e-m/fpv4-sp/hard/crtbegin.o

.ARM.extab
 *(.ARM.extab* .gnu.linkonce.armextab.*)

.ARM            0x00005cbc        0x8
                0x00005cbc                __exidx_start = .
 *(.ARM.exidx*)
 .ARM.exidx     0x00005cbc        0x8 c:/programdata/mathworks/r2022b/toolboxes/nxp_mbdtoolbox_s32k1xx/tools/gcc-6.3-arm32-eabi/bin/../lib/gcc/arm-none-eabi/6.3.1/thumb/v7e-m/fpv4-sp/hard\libgcc.a(_udivmoddi4.o)
                0x00005cc4                __exidx_end = .

.rel.dyn        0x00005cc4        0x0
 .rel.iplt      0x00005cc4        0x0 c:/programdata/mathworks/r2022b/toolboxes/nxp_mbdtoolbox_s32k1xx/tools/gcc-6.3-arm32-eabi/bin/../lib/gcc/arm-none-eabi/6.3.1/thumb/v7e-m/fpv4-sp/hard/crtbegin.o

.ctors          0x00005cc4        0x0
                0x00005cc4                __CTOR_LIST__ = .
 *crtbegin.o(.ctors)
 *crtbegin?.o(.ctors)
 *(EXCLUDE_FILE(*crtend.o *crtend?.o) .ctors)
 *(SORT(.ctors.*))
 *(.ctors)
                0x00005cc4                __CTOR_END__ = .

.dtors          0x00005cc4        0x0
                0x00005cc4                __DTOR_LIST__ = .
 *crtbegin.o(.dtors)
 *crtbegin?.o(.dtors)
 *(EXCLUDE_FILE(*crtend.o *crtend?.o) .dtors)
 *(SORT(.dtors.*))
 *(.dtors)
                0x00005cc4                __DTOR_END__ = .

.preinit_array  0x00005cc4        0x0
                0x00005cc4                PROVIDE (__preinit_array_start, .)
 *(.preinit_array*)
                0x00005cc4                PROVIDE (__preinit_array_end, .)

.init_array     0x00005cc4        0x8
                0x00005cc4                PROVIDE (__init_array_start, .)
 *(SORT(.init_array.*))
 .init_array.00000
                0x00005cc4        0x4 C:/ProgramData/MathWorks/R2022b/Toolboxes/NXP_MBDToolbox_S32K1xx/tools/gcc-6.3-arm32-eabi/arm-none-eabi/newlib/lib/thumb/v7e-m/fpv4-sp/hard\libc.a(lib_a-__call_atexit.o)
 *(.init_array*)
 .init_array    0x00005cc8        0x4 c:/programdata/mathworks/r2022b/toolboxes/nxp_mbdtoolbox_s32k1xx/tools/gcc-6.3-arm32-eabi/bin/../lib/gcc/arm-none-eabi/6.3.1/thumb/v7e-m/fpv4-sp/hard/crtbegin.o
                0x00005ccc                PROVIDE (__init_array_end, .)

.fini_array     0x00005ccc        0x4
                0x00005ccc                PROVIDE (__fini_array_start, .)
 *(SORT(.fini_array.*))
 *(.fini_array*)
 .fini_array    0x00005ccc        0x4 c:/programdata/mathworks/r2022b/toolboxes/nxp_mbdtoolbox_s32k1xx/tools/gcc-6.3-arm32-eabi/bin/../lib/gcc/arm-none-eabi/6.3.1/thumb/v7e-m/fpv4-sp/hard/crtbegin.o
                0x00005cd0                PROVIDE (__fini_array_end, .)
                0x00005cd0                __etext = .
                0x00005cd0                __DATA_ROM = .

.interrupts_ram
                0x1fff9000      0x400
                0x1fff9000                . = ALIGN (0x4)
                0x1fff9000                __VECTOR_RAM__ = .
                0x1fff9000                __RAM_START = .
                0x1fff9000                __interrupts_ram_start__ = .
 *(.m_interrupts_ram)
                0x1fff9400                . = (. + M_VECTOR_RAM_SIZE)
 *fill*         0x1fff9000      0x400 
                0x1fff9400                . = ALIGN (0x4)
                0x1fff9400                __interrupts_ram_end__ = .
                0x1fff9000                __VECTOR_RAM = DEFINED (__flash_vector_table__)?ORIGIN (m_interrupts):__VECTOR_RAM__
                0x00000400                __RAM_VECTOR_TABLE_SIZE = DEFINED (__flash_vector_table__)?0x0:(__interrupts_ram_end__ - __interrupts_ram_start__)

.data           0x1fff9400      0x554 load address 0x00005cd0
                0x1fff9400                . = ALIGN (0x4)
                0x1fff9400                __DATA_RAM = .
                0x1fff9400                __data_start__ = .
 *(.data)
 .data          0x1fff9400       0xa0 clock_S32K1xx.o
 .data          0x1fff94a0       0x48 ftm0_pwm_params.o
                0x1fff94a0                flexTimer_pwm0_InitConfig
                0x1fff94b4                flexTimer_pwm0_PwmConfig
                0x1fff94cc                flexTimer_pwm0_IndependentChannelsConfig
                0x1fff94d8                flexTimer_pwm0_FaultConfig
 .data          0x1fff94e8       0x48 ftm3_pwm_params.o
                0x1fff94e8                flexTimer_pwm3_InitConfig
                0x1fff94fc                flexTimer_pwm3_PwmConfig
                0x1fff9514                flexTimer_pwm3_IndependentChannelsConfig
                0x1fff9520                flexTimer_pwm3_FaultConfig
 .data          0x1fff9530        0x1 s32k_clock_init.o
 *fill*         0x1fff9531        0x3 
 .data          0x1fff9534        0x4 system_S32K144.o
                0x1fff9534                SystemCoreClock
 *(.data*)
 .data.impure_data
                0x1fff9538      0x418 C:/ProgramData/MathWorks/R2022b/Toolboxes/NXP_MBDToolbox_S32K1xx/tools/gcc-6.3-arm32-eabi/arm-none-eabi/newlib/lib/thumb/v7e-m/fpv4-sp/hard\libc.a(lib_a-impure.o)
 *(.jcr*)
 .jcr           0x1fff9950        0x0 c:/programdata/mathworks/r2022b/toolboxes/nxp_mbdtoolbox_s32k1xx/tools/gcc-6.3-arm32-eabi/bin/../lib/gcc/arm-none-eabi/6.3.1/thumb/v7e-m/fpv4-sp/hard/crtbegin.o
 .jcr           0x1fff9950        0x4 c:/programdata/mathworks/r2022b/toolboxes/nxp_mbdtoolbox_s32k1xx/tools/gcc-6.3-arm32-eabi/bin/../lib/gcc/arm-none-eabi/6.3.1/thumb/v7e-m/fpv4-sp/hard/crtend.o
                0x1fff9954                . = ALIGN (0x4)
                0x1fff9954                __data_end__ = .
                0x00006224                __DATA_END = (__DATA_ROM + (__data_end__ - __data_start__))
                0x00006224                __CODE_ROM = __DATA_END

.tm_clone_table
                0x1fff9954        0x0 load address 0x00006224
 .tm_clone_table
                0x1fff9954        0x0 c:/programdata/mathworks/r2022b/toolboxes/nxp_mbdtoolbox_s32k1xx/tools/gcc-6.3-arm32-eabi/bin/../lib/gcc/arm-none-eabi/6.3.1/thumb/v7e-m/fpv4-sp/hard/crtbegin.o
 .tm_clone_table
                0x1fff9954        0x0 c:/programdata/mathworks/r2022b/toolboxes/nxp_mbdtoolbox_s32k1xx/tools/gcc-6.3-arm32-eabi/bin/../lib/gcc/arm-none-eabi/6.3.1/thumb/v7e-m/fpv4-sp/hard/crtend.o

.igot.plt       0x1fff9954        0x0 load address 0x00006224
 .igot.plt      0x1fff9954        0x0 c:/programdata/mathworks/r2022b/toolboxes/nxp_mbdtoolbox_s32k1xx/tools/gcc-6.3-arm32-eabi/bin/../lib/gcc/arm-none-eabi/6.3.1/thumb/v7e-m/fpv4-sp/hard/crtbegin.o

.code           0x1fff9954        0x0 load address 0x00006224
                0x1fff9954                . = ALIGN (0x4)
                0x1fff9954                __CODE_RAM = .
                0x1fff9954                __code_start__ = .
                0x1fff9954                __code_ram_start__ = .
 *(.code_ram)
                0x1fff9954                . = ALIGN (0x4)
                0x1fff9954                __code_end__ = .
                0x1fff9954                __code_ram_end__ = .
                0x00006224                __CODE_END = (__CODE_ROM + (__code_end__ - __code_start__))
                0x00006224                __CUSTOM_ROM = __CODE_END

.customSectionBlock
                0x20000000        0x0 load address 0x00006224
                0x20000000                __customSection_start__ = .
 *(.customSection)
                0x20000000                __customSection_end__ = .
                0x00006224                __CUSTOM_END = (__CUSTOM_ROM + (__customSection_end__ - __customSection_start__))

.bss            0x20000000      0x234
                0x20000000                . = ALIGN (0x4)
                0x20000000                __BSS_START = .
                0x20000000                __bss_start__ = .
 *(.bss)
 .bss           0x20000000       0x1c c:/programdata/mathworks/r2022b/toolboxes/nxp_mbdtoolbox_s32k1xx/tools/gcc-6.3-arm32-eabi/bin/../lib/gcc/arm-none-eabi/6.3.1/thumb/v7e-m/fpv4-sp/hard/crtbegin.o
 .bss           0x2000001c       0x64 MyWallModel.o
 .bss           0x20000080       0x10 clock_S32K1xx.o
 .bss           0x20000090       0x11 ftm_common.o
                0x20000090                ftmStatePtr
                0x200000a0                faultDetection
 *fill*         0x200000a1        0x3 
 .bss           0x200000a4       0x80 ftm_fault_irq.o
 .bss           0x20000124        0x4 interrupt_manager.o
 .bss           0x20000128        0x4 lpit_driver.o
 .bss           0x2000012c        0xc power_manager_S32K1xx.o
 *(.bss*)
 *(COMMON)
 COMMON         0x20000138       0x18 MyWallModel.o
                0x20000138                MyWallModel_DW
                0x20000140                MyWallModel_B
 COMMON         0x20000150       0x14 clock_S32K1xx.o
                0x20000150                g_xtal0ClkFreq
                0x20000154                g_RtcClkInFreq
                0x20000158                g_TClkFreq
 COMMON         0x20000164       0x60 ftm0_pwm_params.o
                0x20000164                ftmStateStruct0
 COMMON         0x200001c4       0x60 ftm3_pwm_params.o
                0x200001c4                ftmStateStruct3
 COMMON         0x20000224       0x10 power_manager_S32K1xx.o
                0x20000224                gPowerManagerState
                0x20000234                . = ALIGN (0x4)
                0x20000234                __bss_end__ = .
                0x20000234                __BSS_END = .

.heap           0x20000234      0x404
                0x20000238                . = ALIGN (0x8)
 *fill*         0x20000234        0x4 
                0x20000238                __end__ = .
                0x20000238                __heap_start__ = .
                [!provide]                PROVIDE (end, .)
                [!provide]                PROVIDE (_end, .)
                [!provide]                PROVIDE (__end, .)
                0x20000238                __HeapBase = .
                0x20000638                . = (. + HEAP_SIZE)
 *fill*         0x20000238      0x400 
                0x20000638                __HeapLimit = .
                0x20000638                __heap_limit = .
                0x20000638                __heap_end__ = .
                0x20004000                __StackTop = (ORIGIN (m_data_2) + LENGTH (m_data_2))
                0x20003c00                __StackLimit = (__StackTop - STACK_SIZE)
                0x20004000                PROVIDE (__stack, __StackTop)
                0x20004000                __RAM_END = __StackTop

.stack          0x20003c00      0x400
                0x20003c00                . = ALIGN (0x8)
                0x20003c00                __stack_start__ = .
                0x20004000                . = (. + STACK_SIZE)
 *fill*         0x20003c00      0x400 
                0x20004000                __stack_end__ = .

.ARM.attributes
                0x00000000       0x30
 *(.ARM.attributes)
 .ARM.attributes
                0x00000000       0x22 c:/programdata/mathworks/r2022b/toolboxes/nxp_mbdtoolbox_s32k1xx/tools/gcc-6.3-arm32-eabi/bin/../lib/gcc/arm-none-eabi/6.3.1/thumb/v7e-m/fpv4-sp/hard/crti.o
 .ARM.attributes
                0x00000022       0x34 c:/programdata/mathworks/r2022b/toolboxes/nxp_mbdtoolbox_s32k1xx/tools/gcc-6.3-arm32-eabi/bin/../lib/gcc/arm-none-eabi/6.3.1/thumb/v7e-m/fpv4-sp/hard/crtbegin.o
 .ARM.attributes
                0x00000056       0x1f startup_S32K144.o
 .ARM.attributes
                0x00000075       0x39 MyWallModel.o
 .ARM.attributes
                0x000000ae       0x39 clock_S32K1xx.o
 .ARM.attributes
                0x000000e7       0x39 ftm0_pwm_params.o
 .ARM.attributes
                0x00000120       0x39 ftm3_pwm_params.o
 .ARM.attributes
                0x00000159       0x39 ftm_common.o
 .ARM.attributes
                0x00000192       0x39 ftm_fault_irq.o
 .ARM.attributes
                0x000001cb       0x39 ftm_hw_access.o
 .ARM.attributes
                0x00000204       0x39 ftm_ic_driver.o
 .ARM.attributes
                0x0000023d       0x39 ftm_pwm_driver.o
 .ARM.attributes
                0x00000276       0x39 ftm_qd_driver.o
 .ARM.attributes
                0x000002af       0x39 interrupt_manager.o
 .ARM.attributes
                0x000002e8       0x39 lpit_driver.o
 .ARM.attributes
                0x00000321       0x39 mbd_main.o
 .ARM.attributes
                0x0000035a       0x39 pins_port_hw_access.o
 .ARM.attributes
                0x00000393       0x39 power_manager.o
 .ARM.attributes
                0x000003cc       0x39 power_manager_S32K1xx.o
 .ARM.attributes
                0x00000405       0x39 power_smc_hw_access.o
 .ARM.attributes
                0x0000043e       0x39 s32k_clock_init.o
 .ARM.attributes
                0x00000477       0x39 startup.o
 .ARM.attributes
                0x000004b0       0x39 system_S32K144.o
 .ARM.attributes
                0x000004e9       0x22 c:/programdata/mathworks/r2022b/toolboxes/nxp_mbdtoolbox_s32k1xx/tools/gcc-6.3-arm32-eabi/bin/../lib/gcc/arm-none-eabi/6.3.1/thumb/v7e-m/fpv4-sp/hard\libgcc.a(_aeabi_uldivmod.o)
 .ARM.attributes
                0x0000050b       0x34 c:/programdata/mathworks/r2022b/toolboxes/nxp_mbdtoolbox_s32k1xx/tools/gcc-6.3-arm32-eabi/bin/../lib/gcc/arm-none-eabi/6.3.1/thumb/v7e-m/fpv4-sp/hard\libgcc.a(_udivmoddi4.o)
 .ARM.attributes
                0x0000053f       0x22 c:/programdata/mathworks/r2022b/toolboxes/nxp_mbdtoolbox_s32k1xx/tools/gcc-6.3-arm32-eabi/bin/../lib/gcc/arm-none-eabi/6.3.1/thumb/v7e-m/fpv4-sp/hard\libgcc.a(_dvmd_tls.o)
 .ARM.attributes
                0x00000561       0x34 C:/ProgramData/MathWorks/R2022b/Toolboxes/NXP_MBDToolbox_S32K1xx/tools/gcc-6.3-arm32-eabi/arm-none-eabi/newlib/lib/thumb/v7e-m/fpv4-sp/hard\libc.a(lib_a-impure.o)
 .ARM.attributes
                0x00000595       0x34 C:/ProgramData/MathWorks/R2022b/Toolboxes/NXP_MBDToolbox_S32K1xx/tools/gcc-6.3-arm32-eabi/arm-none-eabi/newlib/lib/thumb/v7e-m/fpv4-sp/hard\libc.a(lib_a-memset.o)
 .ARM.attributes
                0x000005c9       0x34 C:/ProgramData/MathWorks/R2022b/Toolboxes/NXP_MBDToolbox_S32K1xx/tools/gcc-6.3-arm32-eabi/arm-none-eabi/newlib/lib/thumb/v7e-m/fpv4-sp/hard\libc.a(lib_a-__call_atexit.o)
 .ARM.attributes
                0x000005fd       0x34 C:/ProgramData/MathWorks/R2022b/Toolboxes/NXP_MBDToolbox_S32K1xx/tools/gcc-6.3-arm32-eabi/arm-none-eabi/newlib/lib/thumb/v7e-m/fpv4-sp/hard\libc.a(lib_a-fini.o)
 .ARM.attributes
                0x00000631       0x34 C:/ProgramData/MathWorks/R2022b/Toolboxes/NXP_MBDToolbox_S32K1xx/tools/gcc-6.3-arm32-eabi/arm-none-eabi/newlib/lib/thumb/v7e-m/fpv4-sp/hard\libc.a(lib_a-atexit.o)
 .ARM.attributes
                0x00000665       0x34 C:/ProgramData/MathWorks/R2022b/Toolboxes/NXP_MBDToolbox_S32K1xx/tools/gcc-6.3-arm32-eabi/arm-none-eabi/newlib/lib/thumb/v7e-m/fpv4-sp/hard\libc.a(lib_a-__atexit.o)
 .ARM.attributes
                0x00000699       0x34 c:/programdata/mathworks/r2022b/toolboxes/nxp_mbdtoolbox_s32k1xx/tools/gcc-6.3-arm32-eabi/bin/../lib/gcc/arm-none-eabi/6.3.1/thumb/v7e-m/fpv4-sp/hard/crtend.o
 .ARM.attributes
                0x000006cd       0x22 c:/programdata/mathworks/r2022b/toolboxes/nxp_mbdtoolbox_s32k1xx/tools/gcc-6.3-arm32-eabi/bin/../lib/gcc/arm-none-eabi/6.3.1/thumb/v7e-m/fpv4-sp/hard/crtn.o
                0x00000001                ASSERT ((__StackLimit >= __HeapLimit), region m_data_2 overflowed with stack and heap)
OUTPUT(MyWallModel.elf elf32-littlearm)

.comment        0x00000000       0xa0
 .comment       0x00000000       0xa0 c:/programdata/mathworks/r2022b/toolboxes/nxp_mbdtoolbox_s32k1xx/tools/gcc-6.3-arm32-eabi/bin/../lib/gcc/arm-none-eabi/6.3.1/thumb/v7e-m/fpv4-sp/hard/crtbegin.o
                                 0xa1 (size before relaxing)
 .comment       0x000000a0       0xa1 MyWallModel.o
 .comment       0x000000a0       0xa1 clock_S32K1xx.o
 .comment       0x000000a0       0xa1 ftm0_pwm_params.o
 .comment       0x000000a0       0xa1 ftm3_pwm_params.o
 .comment       0x000000a0       0xa1 ftm_common.o
 .comment       0x000000a0       0xa1 ftm_fault_irq.o
 .comment       0x000000a0       0xa1 ftm_hw_access.o
 .comment       0x000000a0       0xa1 ftm_ic_driver.o
 .comment       0x000000a0       0xa1 ftm_pwm_driver.o
 .comment       0x000000a0       0xa1 ftm_qd_driver.o
 .comment       0x000000a0       0xa1 interrupt_manager.o
 .comment       0x000000a0       0xa1 lpit_driver.o
 .comment       0x000000a0       0xa1 mbd_main.o
 .comment       0x000000a0       0xa1 pins_port_hw_access.o
 .comment       0x000000a0       0xa1 power_manager.o
 .comment       0x000000a0       0xa1 power_manager_S32K1xx.o
 .comment       0x000000a0       0xa1 power_smc_hw_access.o
 .comment       0x000000a0       0xa1 s32k_clock_init.o
 .comment       0x000000a0       0xa1 startup.o
 .comment       0x000000a0       0xa1 system_S32K144.o
 .comment       0x000000a0       0xa1 c:/programdata/mathworks/r2022b/toolboxes/nxp_mbdtoolbox_s32k1xx/tools/gcc-6.3-arm32-eabi/bin/../lib/gcc/arm-none-eabi/6.3.1/thumb/v7e-m/fpv4-sp/hard/crtend.o

.debug_line     0x00000000     0x4980
 .debug_line    0x00000000       0x6e startup_S32K144.o
 .debug_line    0x0000006e      0x41d MyWallModel.o
 .debug_line    0x0000048b      0xeae clock_S32K1xx.o
 .debug_line    0x00001339      0x1a4 ftm0_pwm_params.o
 .debug_line    0x000014dd      0x1a4 ftm3_pwm_params.o
 .debug_line    0x00001681      0x54c ftm_common.o
 .debug_line    0x00001bcd      0x252 ftm_fault_irq.o
 .debug_line    0x00001e1f      0x222 ftm_hw_access.o
 .debug_line    0x00002041      0x4df ftm_ic_driver.o
 .debug_line    0x00002520      0x663 ftm_pwm_driver.o
 .debug_line    0x00002b83      0x2b0 ftm_qd_driver.o
 .debug_line    0x00002e33      0x224 interrupt_manager.o
 .debug_line    0x00003057      0x42b lpit_driver.o
 .debug_line    0x00003482      0x345 mbd_main.o
 .debug_line    0x000037c7      0x24b pins_port_hw_access.o
 .debug_line    0x00003a12      0x249 power_manager.o
 .debug_line    0x00003c5b      0x4eb power_manager_S32K1xx.o
 .debug_line    0x00004146      0x29f power_smc_hw_access.o
 .debug_line    0x000043e5      0x26a s32k_clock_init.o
 .debug_line    0x0000464f      0x18b startup.o
 .debug_line    0x000047da      0x1a6 system_S32K144.o

.debug_info     0x00000000    0x1b32e
 .debug_info    0x00000000       0x26 startup_S32K144.o
 .debug_info    0x00000026     0x1fcd MyWallModel.o
 .debug_info    0x00001ff3     0x530a clock_S32K1xx.o
 .debug_info    0x000072fd      0xcd2 ftm0_pwm_params.o
 .debug_info    0x00007fcf      0xcd2 ftm3_pwm_params.o
 .debug_info    0x00008ca1     0x29dc ftm_common.o
 .debug_info    0x0000b67d      0x9dd ftm_fault_irq.o
 .debug_info    0x0000c05a      0x97a ftm_hw_access.o
 .debug_info    0x0000c9d4     0x1d4c ftm_ic_driver.o
 .debug_info    0x0000e720     0x2a4b ftm_pwm_driver.o
 .debug_info    0x0001116b     0x104c ftm_qd_driver.o
 .debug_info    0x000121b7      0x997 interrupt_manager.o
 .debug_info    0x00012b4e     0x1b2d lpit_driver.o
 .debug_info    0x0001467b     0x1ae5 mbd_main.o
 .debug_info    0x00016160      0x89d pins_port_hw_access.o
 .debug_info    0x000169fd      0x7dc power_manager.o
 .debug_info    0x000171d9     0x1718 power_manager_S32K1xx.o
 .debug_info    0x000188f1      0xc0c power_smc_hw_access.o
 .debug_info    0x000194fd     0x1663 s32k_clock_init.o
 .debug_info    0x0001ab60      0x2ad startup.o
 .debug_info    0x0001ae0d      0x521 system_S32K144.o

.debug_abbrev   0x00000000     0x2c59
 .debug_abbrev  0x00000000       0x14 startup_S32K144.o
 .debug_abbrev  0x00000014      0x2d6 MyWallModel.o
 .debug_abbrev  0x000002ea      0x37b clock_S32K1xx.o
 .debug_abbrev  0x00000665      0x126 ftm0_pwm_params.o
 .debug_abbrev  0x0000078b      0x126 ftm3_pwm_params.o
 .debug_abbrev  0x000008b1      0x333 ftm_common.o
 .debug_abbrev  0x00000be4      0x1b5 ftm_fault_irq.o
 .debug_abbrev  0x00000d99      0x1b5 ftm_hw_access.o
 .debug_abbrev  0x00000f4e      0x321 ftm_ic_driver.o
 .debug_abbrev  0x0000126f      0x2d4 ftm_pwm_driver.o
 .debug_abbrev  0x00001543      0x253 ftm_qd_driver.o
 .debug_abbrev  0x00001796      0x1e5 interrupt_manager.o
 .debug_abbrev  0x0000197b      0x360 lpit_driver.o
 .debug_abbrev  0x00001cdb      0x239 mbd_main.o
 .debug_abbrev  0x00001f14      0x1e1 pins_port_hw_access.o
 .debug_abbrev  0x000020f5      0x1e6 power_manager.o
 .debug_abbrev  0x000022db      0x363 power_manager_S32K1xx.o
 .debug_abbrev  0x0000263e      0x240 power_smc_hw_access.o
 .debug_abbrev  0x0000287e      0x1c4 s32k_clock_init.o
 .debug_abbrev  0x00002a42       0xdd startup.o
 .debug_abbrev  0x00002b1f      0x13a system_S32K144.o

.debug_aranges  0x00000000      0x290
 .debug_aranges
                0x00000000       0x20 startup_S32K144.o
 .debug_aranges
                0x00000020       0x20 MyWallModel.o
 .debug_aranges
                0x00000040       0x20 clock_S32K1xx.o
 .debug_aranges
                0x00000060       0x18 ftm0_pwm_params.o
 .debug_aranges
                0x00000078       0x18 ftm3_pwm_params.o
 .debug_aranges
                0x00000090       0x20 ftm_common.o
 .debug_aranges
                0x000000b0       0x20 ftm_fault_irq.o
 .debug_aranges
                0x000000d0       0x20 ftm_hw_access.o
 .debug_aranges
                0x000000f0       0x20 ftm_ic_driver.o
 .debug_aranges
                0x00000110       0x20 ftm_pwm_driver.o
 .debug_aranges
                0x00000130       0x20 ftm_qd_driver.o
 .debug_aranges
                0x00000150       0x20 interrupt_manager.o
 .debug_aranges
                0x00000170       0x20 lpit_driver.o
 .debug_aranges
                0x00000190       0x20 mbd_main.o
 .debug_aranges
                0x000001b0       0x20 pins_port_hw_access.o
 .debug_aranges
                0x000001d0       0x20 power_manager.o
 .debug_aranges
                0x000001f0       0x20 power_manager_S32K1xx.o
 .debug_aranges
                0x00000210       0x20 power_smc_hw_access.o
 .debug_aranges
                0x00000230       0x20 s32k_clock_init.o
 .debug_aranges
                0x00000250       0x20 startup.o
 .debug_aranges
                0x00000270       0x20 system_S32K144.o

.debug_str      0x00000000     0x89eb
 .debug_str     0x00000000       0x3a startup_S32K144.o
 .debug_str     0x0000003a     0x1f26 MyWallModel.o
                               0x205f (size before relaxing)
 .debug_str     0x00001f60     0x31eb clock_S32K1xx.o
                               0x38e9 (size before relaxing)
 .debug_str     0x0000514b       0x12 ftm0_pwm_params.o
                               0x1282 (size before relaxing)
 .debug_str     0x0000515d       0x12 ftm3_pwm_params.o
                               0x1282 (size before relaxing)
 .debug_str     0x0000516f      0xb36 ftm_common.o
                               0x268f (size before relaxing)
 .debug_str     0x00005ca5      0x113 ftm_fault_irq.o
                                0xc4b (size before relaxing)
 .debug_str     0x00005db8       0xa8 ftm_hw_access.o
                                0xce9 (size before relaxing)
 .debug_str     0x00005e60      0x6ed ftm_ic_driver.o
                               0x1baf (size before relaxing)
 .debug_str     0x0000654d      0x497 ftm_pwm_driver.o
                               0x1f8f (size before relaxing)
 .debug_str     0x000069e4      0x172 ftm_qd_driver.o
                               0x174e (size before relaxing)
 .debug_str     0x00006b56      0x328 interrupt_manager.o
                                0xb05 (size before relaxing)
 .debug_str     0x00006e7e      0x822 lpit_driver.o
                               0x1cab (size before relaxing)
 .debug_str     0x000076a0       0x68 mbd_main.o
                               0x1bcb (size before relaxing)
 .debug_str     0x00007708      0x530 pins_port_hw_access.o
                                0x8c4 (size before relaxing)
 .debug_str     0x00007c38      0x4dd power_manager.o
                                0xfac (size before relaxing)
 .debug_str     0x00008115      0x501 power_manager_S32K1xx.o
                               0x18e4 (size before relaxing)
 .debug_str     0x00008616      0x141 power_smc_hw_access.o
                                0xe84 (size before relaxing)
 .debug_str     0x00008757       0xf3 s32k_clock_init.o
                               0x23b9 (size before relaxing)
 .debug_str     0x0000884a      0x112 startup.o
                                0x3bd (size before relaxing)
 .debug_str     0x0000895c       0x8f system_S32K144.o
                                0x3be (size before relaxing)

.debug_loc      0x00000000     0xb27e
 .debug_loc     0x00000000      0x3e9 MyWallModel.o
 .debug_loc     0x000003e9     0x4418 clock_S32K1xx.o
 .debug_loc     0x00004801     0x13f9 ftm_common.o
 .debug_loc     0x00005bfa      0x21b ftm_fault_irq.o
 .debug_loc     0x00005e15      0x114 ftm_hw_access.o
 .debug_loc     0x00005f29     0x108e ftm_ic_driver.o
 .debug_loc     0x00006fb7     0x1c7a ftm_pwm_driver.o
 .debug_loc     0x00008c31      0x308 ftm_qd_driver.o
 .debug_loc     0x00008f39      0x1aa interrupt_manager.o
 .debug_loc     0x000090e3      0xbe4 lpit_driver.o
 .debug_loc     0x00009cc7      0x48a pins_port_hw_access.o
 .debug_loc     0x0000a151      0x316 power_manager.o
 .debug_loc     0x0000a467      0x701 power_manager_S32K1xx.o
 .debug_loc     0x0000ab68      0x49f power_smc_hw_access.o
 .debug_loc     0x0000b007       0xa0 s32k_clock_init.o
 .debug_loc     0x0000b0a7       0xec startup.o
 .debug_loc     0x0000b193       0xeb system_S32K144.o

.debug_ranges   0x00000000      0xa10
 .debug_ranges  0x00000000       0x18 MyWallModel.o
 .debug_ranges  0x00000018      0x2e8 clock_S32K1xx.o
 .debug_ranges  0x00000300       0x90 ftm_common.o
 .debug_ranges  0x00000390       0x60 ftm_fault_irq.o
 .debug_ranges  0x000003f0       0xe8 ftm_ic_driver.o
 .debug_ranges  0x000004d8      0x2b8 ftm_pwm_driver.o
 .debug_ranges  0x00000790       0x78 ftm_qd_driver.o
 .debug_ranges  0x00000808       0x38 interrupt_manager.o
 .debug_ranges  0x00000840       0x48 lpit_driver.o
 .debug_ranges  0x00000888       0x20 power_manager.o
 .debug_ranges  0x000008a8      0x148 power_manager_S32K1xx.o
 .debug_ranges  0x000009f0       0x20 power_smc_hw_access.o

.debug_frame    0x00000000     0x1264
 .debug_frame   0x00000000       0x74 MyWallModel.o
 .debug_frame   0x00000074      0x39c clock_S32K1xx.o
 .debug_frame   0x00000410      0x1f8 ftm_common.o
 .debug_frame   0x00000608       0xa0 ftm_fault_irq.o
 .debug_frame   0x000006a8       0x5c ftm_hw_access.o
 .debug_frame   0x00000704      0x25c ftm_ic_driver.o
 .debug_frame   0x00000960       0xe0 ftm_pwm_driver.o
 .debug_frame   0x00000a40       0x68 ftm_qd_driver.o
 .debug_frame   0x00000aa8       0xd8 interrupt_manager.o
 .debug_frame   0x00000b80      0x1ac lpit_driver.o
 .debug_frame   0x00000d2c       0x88 mbd_main.o
 .debug_frame   0x00000db4       0x98 pins_port_hw_access.o
 .debug_frame   0x00000e4c       0xe0 power_manager.o
 .debug_frame   0x00000f2c       0xc4 power_manager_S32K1xx.o
 .debug_frame   0x00000ff0       0x58 power_smc_hw_access.o
 .debug_frame   0x00001048       0x5c s32k_clock_init.o
 .debug_frame   0x000010a4       0x2c startup.o
 .debug_frame   0x000010d0       0x40 system_S32K144.o
 .debug_frame   0x00001110       0x2c c:/programdata/mathworks/r2022b/toolboxes/nxp_mbdtoolbox_s32k1xx/tools/gcc-6.3-arm32-eabi/bin/../lib/gcc/arm-none-eabi/6.3.1/thumb/v7e-m/fpv4-sp/hard\libgcc.a(_aeabi_uldivmod.o)
 .debug_frame   0x0000113c       0x34 c:/programdata/mathworks/r2022b/toolboxes/nxp_mbdtoolbox_s32k1xx/tools/gcc-6.3-arm32-eabi/bin/../lib/gcc/arm-none-eabi/6.3.1/thumb/v7e-m/fpv4-sp/hard\libgcc.a(_udivmoddi4.o)
 .debug_frame   0x00001170       0x20 C:/ProgramData/MathWorks/R2022b/Toolboxes/NXP_MBDToolbox_S32K1xx/tools/gcc-6.3-arm32-eabi/arm-none-eabi/newlib/lib/thumb/v7e-m/fpv4-sp/hard\libc.a(lib_a-memset.o)
 .debug_frame   0x00001190       0x4c C:/ProgramData/MathWorks/R2022b/Toolboxes/NXP_MBDToolbox_S32K1xx/tools/gcc-6.3-arm32-eabi/arm-none-eabi/newlib/lib/thumb/v7e-m/fpv4-sp/hard\libc.a(lib_a-__call_atexit.o)
 .debug_frame   0x000011dc       0x38 C:/ProgramData/MathWorks/R2022b/Toolboxes/NXP_MBDToolbox_S32K1xx/tools/gcc-6.3-arm32-eabi/arm-none-eabi/newlib/lib/thumb/v7e-m/fpv4-sp/hard\libc.a(lib_a-fini.o)
 .debug_frame   0x00001214       0x20 C:/ProgramData/MathWorks/R2022b/Toolboxes/NXP_MBDToolbox_S32K1xx/tools/gcc-6.3-arm32-eabi/arm-none-eabi/newlib/lib/thumb/v7e-m/fpv4-sp/hard\libc.a(lib_a-atexit.o)
 .debug_frame   0x00001234       0x30 C:/ProgramData/MathWorks/R2022b/Toolboxes/NXP_MBDToolbox_S32K1xx/tools/gcc-6.3-arm32-eabi/arm-none-eabi/newlib/lib/thumb/v7e-m/fpv4-sp/hard\libc.a(lib_a-__atexit.o)
