/home/st/STM32CubeIDE/workspace_1.12.1/chip_headers/CMSIS/Include/core_cm7.h:1896:22:__NVIC_EnableIRQ	16	static
../Src/uart.c:26:5:__io_putchar	16	static
../Src/uart.c:33:6:uart3_tx_interrupt_init	8	static
../Src/uart.c:69:6:uart3_tx_init	8	static
../Src/uart.c:100:6:uart3_rxtx_init	8	static
../Src/uart.c:145:9:uart_read	16	static
../Src/uart.c:151:6:uart_write	16	static
../Src/uart.c:162:13:uart_enable	16	static
../Src/uart.c:167:13:set_uart_transfer_direction	16	static
../Src/uart.c:172:13:uart_set_baudrate	24	static
../Src/uart.c:177:13:config_uart_parameters	24	static
../Src/uart.c:185:10:compute_uart_div	16	static
