../Src/main.c:24:5:main	16	static
../Src/main.c:44:6:uart_write	16	static
../Src/main.c:54:6:uart3_tx_init	8	static
../Src/main.c:85:6:uart_enable	16	static
../Src/main.c:90:6:set_uart_transfer_direction	16	static
../Src/main.c:95:6:uart_set_baudrate	24	static
../Src/main.c:100:6:config_uart_parameters	24	static
../Src/main.c:107:6:set_ahb1_periph_clock	16	static
../Src/main.c:112:6:set_ahb2_periph_clock	16	static
../Src/main.c:117:6:set_apb1_periph_clock	16	static
../Src/main.c:122:6:set_apb2_periph_clock	16	static
../Src/main.c:127:6:set_pin_mode	40	static,ignoring_inline_asm
../Src/main.c:145:10:compute_uart_div	16	static
